<?xml version="1.0" encoding="utf-8"?><testsuites name="pytest tests"><testsuite name="pytest" errors="0" failures="0" skipped="0" tests="327" time="129.891" timestamp="2026-03-10T07:50:13.751460+05:45" hostname="mobius"><testcase classname="inventory.tests.test_model.TestCategoryModel" name="test_creation" time="1.567" /><testcase classname="inventory.tests.test_model.TestCategoryModel" name="test_uuid_primary_key" time="0.011" /><testcase classname="inventory.tests.test_model.TestCategoryModel" name="test_category_fixture" time="0.011" /><testcase classname="inventory.tests.test_model.TestCategoryModel" name="test_timestamps_populated" time="0.009" /><testcase classname="inventory.tests.test_model.TestCategoryModel" name="test_description_nullable" time="0.009" /><testcase classname="inventory.tests.test_model.TestCategoryModel" name="test_batch_ids_are_unique" time="0.017" /><testcase classname="inventory.tests.test_model.TestCategoryModel" name="test_field_max_length[name-255]" time="0.007" /><testcase classname="inventory.tests.test_model.TestCategoryModel" name="test_field_max_length[description-None]" time="0.007" /><testcase classname="inventory.tests.test_model.TestSupplierModel" name="test_creation" time="0.014" /><testcase classname="inventory.tests.test_model.TestSupplierModel" name="test_uuid_primary_key" time="0.010" /><testcase classname="inventory.tests.test_model.TestSupplierModel" name="test_timestamps_populated" time="0.009" /><testcase classname="inventory.tests.test_model.TestSupplierModel" name="test_batch_creation" time="0.018" /><testcase classname="inventory.tests.test_model.TestSupplierModel" name="test_custom_name_override" time="0.010" /><testcase classname="inventory.tests.test_model.TestSupplierModel" name="test_field_max_length[name-255]" time="0.007" /><testcase classname="inventory.tests.test_model.TestSupplierModel" name="test_field_max_length[email-255]" time="0.006" /><testcase classname="inventory.tests.test_model.TestSupplierModel" name="test_field_max_length[address-500]" time="0.006" /><testcase classname="inventory.tests.test_model.TestSupplierModel" name="test_required_field_exists[email]" time="0.009" /><testcase classname="inventory.tests.test_model.TestSupplierModel" name="test_required_field_exists[name]" time="0.009" /><testcase classname="inventory.tests.test_model.TestSupplierModel" name="test_required_field_exists[phone]" time="0.010" /><testcase classname="inventory.tests.test_model.TestSupplierModel" name="test_required_field_exists[address]" time="0.010" /><testcase classname="inventory.tests.test_model.TestProductModel" name="test_creation" time="0.017" /><testcase classname="inventory.tests.test_model.TestProductModel" name="test_uuid_primary_key" time="0.014" /><testcase classname="inventory.tests.test_model.TestProductModel" name="test_subfactory_creates_relations" time="0.014" /><testcase classname="inventory.tests.test_model.TestProductModel" name="test_explicit_category_and_supplier" time="0.017" /><testcase classname="inventory.tests.test_model.TestProductModel" name="test_sku_unique_across_batch" time="0.083" /><testcase classname="inventory.tests.test_model.TestProductModel" name="test_duplicate_sku_raises" time="0.025" /><testcase classname="inventory.tests.test_model.TestProductModel" name="test_selling_price_always_gte_cost_price" time="0.045" /><testcase classname="inventory.tests.test_model.TestProductModel" name="test_product_traits[low_stock-&lt;lambda&gt;]" time="0.021" /><testcase classname="inventory.tests.test_model.TestProductModel" name="test_product_traits[out_of_stock-&lt;lambda&gt;]" time="0.016" /><testcase classname="inventory.tests.test_model.TestProductModel" name="test_custom_field_value[stock_quantity-0]" time="0.015" /><testcase classname="inventory.tests.test_model.TestProductModel" name="test_custom_field_value[stock_quantity-999]" time="0.015" /><testcase classname="inventory.tests.test_model.TestProductModel" name="test_custom_field_value[low_stock_limit-1]" time="0.016" /><testcase classname="inventory.tests.test_model.TestProductModel" name="test_custom_field_value[low_stock_limit-50]" time="0.015" /><testcase classname="inventory.tests.test_model.TestProductModel" name="test_timestamps_populated" time="0.016" /><testcase classname="inventory.tests.test_model.TestProductModel" name="test_ordering_newest_first" time="0.034" /><testcase classname="inventory.tests.test_model.TestProductModel" name="test_verbose_name_plural" time="0.007" /><testcase classname="inventory.tests.test_model.TestProductModel" name="test_db_index_exists[index_fields0]" time="0.007" /><testcase classname="inventory.tests.test_model.TestProductModel" name="test_db_index_exists[index_fields1]" time="0.007" /><testcase classname="inventory.tests.test_model.TestProductModel" name="test_db_index_exists[index_fields2]" time="0.007" /><testcase classname="inventory.tests.test_model.TestProductModel" name="test_db_index_exists[index_fields3]" time="0.008" /><testcase classname="inventory.tests.test_model.TestProductModel" name="test_cascade_delete[category]" time="0.024" /><testcase classname="inventory.tests.test_model.TestProductModel" name="test_cascade_delete[supplier]" time="0.024" /><testcase classname="inventory.tests.test_model.TestProductModel" name="test_explicit_price_overrides[cost0-selling0]" time="0.015" /><testcase classname="inventory.tests.test_model.TestProductModel" name="test_explicit_price_overrides[cost1-selling1]" time="0.015" /><testcase classname="inventory.tests.test_model.TestProductModel" name="test_explicit_price_overrides[cost2-selling2]" time="0.016" /><testcase classname="inventory.tests.test_model.TestStockMovementModel" name="test_creation" time="0.445" /><testcase classname="inventory.tests.test_model.TestStockMovementModel" name="test_uuid_primary_key" time="0.440" /><testcase classname="inventory.tests.test_model.TestStockMovementModel" name="test_subfactory_creates_product_and_user" time="0.429" /><testcase classname="inventory.tests.test_model.TestStockMovementModel" name="test_traits[stock_in-IN-PURCHASE]" time="0.442" /><testcase classname="inventory.tests.test_model.TestStockMovementModel" name="test_traits[stock_out-OUT-SALE]" time="0.430" /><testcase classname="inventory.tests.test_model.TestStockMovementModel" name="test_valid_movement_types[IN]" time="0.425" /><testcase classname="inventory.tests.test_model.TestStockMovementModel" name="test_valid_movement_types[OUT]" time="0.449" /><testcase classname="inventory.tests.test_model.TestStockMovementModel" name="test_valid_reasons[SALE]" time="0.432" /><testcase classname="inventory.tests.test_model.TestStockMovementModel" name="test_valid_reasons[PURCHASE]" time="0.445" /><testcase classname="inventory.tests.test_model.TestStockMovementModel" name="test_valid_reasons[RETURN]" time="0.437" /><testcase classname="inventory.tests.test_model.TestStockMovementModel" name="test_valid_reasons[MANUAL]" time="0.506" /><testcase classname="inventory.tests.test_model.TestStockMovementModel" name="test_valid_reasons[DAMAGED]" time="0.421" /><testcase classname="inventory.tests.test_model.TestStockMovementModel" name="test_nullable_notes" time="0.446" /><testcase classname="inventory.tests.test_model.TestStockMovementModel" name="test_user_set_null_on_delete" time="0.452" /><testcase classname="inventory.tests.test_model.TestStockMovementModel" name="test_cascade_on_product_delete" time="0.432" /><testcase classname="inventory.tests.test_model.TestStockMovementModel" name="test_timestamp_populated" time="0.460" /><testcase classname="inventory.tests.test_model.TestStockMovementModel" name="test_verbose_names[verbose_name-Stock Movement]" time="0.008" /><testcase classname="inventory.tests.test_model.TestStockMovementModel" name="test_verbose_names[verbose_name_plural-Stock Movements]" time="0.007" /><testcase classname="inventory.tests.test_model.TestStockMovementModel" name="test_multiple_movements_same_product" time="2.189" /><testcase classname="inventory.tests.test_model.TestStockMovementModel" name="test_batch_unique_ids" time="2.270" /><testcase classname="inventory.tests.test_model.TestStockMovementModel" name="test_explicit_quantity[1]" time="0.468" /><testcase classname="inventory.tests.test_model.TestStockMovementModel" name="test_explicit_quantity[10]" time="0.440" /><testcase classname="inventory.tests.test_model.TestStockMovementModel" name="test_explicit_quantity[100]" time="0.478" /><testcase classname="inventory.tests.test_model.TestStockMovementModel" name="test_explicit_quantity[999]" time="0.445" /><testcase classname="inventory.tests.test_serializers.TestCategorySerializer" name="test_serializers_correct_fields" time="0.019" /><testcase classname="inventory.tests.test_serializers.TestCategorySerializer" name="test_id_matches_instance" time="0.010" /><testcase classname="inventory.tests.test_serializers.TestCategorySerializer" name="test_field_present_in_output[name]" time="0.010" /><testcase classname="inventory.tests.test_serializers.TestCategorySerializer" name="test_field_present_in_output[description]" time="0.010" /><testcase classname="inventory.tests.test_serializers.TestCategorySerializer" name="test_field_present_in_output[created_at]" time="0.009" /><testcase classname="inventory.tests.test_serializers.TestCategorySerializer" name="test_field_present_in_output[updated_at]" time="0.010" /><testcase classname="inventory.tests.test_serializers.TestCategorySerializer" name="test_input_validation[payload0-True]" time="0.008" /><testcase classname="inventory.tests.test_serializers.TestCategorySerializer" name="test_input_validation[payload1-True]" time="0.008" /><testcase classname="inventory.tests.test_serializers.TestCategorySerializer" name="test_input_validation[payload2-False]" time="0.007" /><testcase classname="inventory.tests.test_serializers.TestCategorySerializer" name="test_input_validation[payload3-False]" time="0.007" /><testcase classname="inventory.tests.test_serializers.TestCategorySerializer" name="test_create_via_serializer" time="0.009" /><testcase classname="inventory.tests.test_serializers.TestCategorySerializer" name="test_update_via_serializer" time="0.013" /><testcase classname="inventory.tests.test_serializers.TestCategorySerializer" name="test_read_only_fields_present[id]" time="0.012" /><testcase classname="inventory.tests.test_serializers.TestCategorySerializer" name="test_read_only_fields_present[created_at]" time="0.009" /><testcase classname="inventory.tests.test_serializers.TestCategorySerializer" name="test_read_only_fields_present[updated_at]" time="0.010" /><testcase classname="inventory.tests.test_serializers.TestSupplierSerializer" name="test_serializes_correct_fields" time="0.011" /><testcase classname="inventory.tests.test_serializers.TestSupplierSerializer" name="test_field_present_in_output[id]" time="0.010" /><testcase classname="inventory.tests.test_serializers.TestSupplierSerializer" name="test_field_present_in_output[name]" time="0.010" /><testcase classname="inventory.tests.test_serializers.TestSupplierSerializer" name="test_field_present_in_output[email]" time="0.010" /><testcase classname="inventory.tests.test_serializers.TestSupplierSerializer" name="test_field_present_in_output[phone]" time="0.011" /><testcase classname="inventory.tests.test_serializers.TestSupplierSerializer" name="test_field_present_in_output[address]" time="0.011" /><testcase classname="inventory.tests.test_serializers.TestSupplierSerializer" name="test_invalid_email_rejected[not-an-email]" time="0.008" /><testcase classname="inventory.tests.test_serializers.TestSupplierSerializer" name="test_invalid_email_rejected[missing@]" time="0.057" /><testcase classname="inventory.tests.test_serializers.TestSupplierSerializer" name="test_invalid_email_rejected[@nodomain]" time="0.009" /><testcase classname="inventory.tests.test_serializers.TestSupplierSerializer" name="test_invalid_email_rejected[nodot@nodot]" time="0.010" /><testcase classname="inventory.tests.test_serializers.TestSupplierSerializer" name="test_required_field_missing[name]" time="0.007" /><testcase classname="inventory.tests.test_serializers.TestSupplierSerializer" name="test_required_field_missing[email]" time="0.009" /><testcase classname="inventory.tests.test_serializers.TestSupplierSerializer" name="test_required_field_missing[phone]" time="0.009" /><testcase classname="inventory.tests.test_serializers.TestSupplierSerializer" name="test_required_field_missing[address]" time="0.008" /><testcase classname="inventory.tests.test_serializers.TestSupplierSerializer" name="test_valid_payload_passes" time="0.008" /><testcase classname="inventory.tests.test_serializers.TestSupplierSerializer" name="test_create_via_serializer" time="0.012" /><testcase classname="inventory.tests.test_serializers.TestProductSerializer" name="test_serializes_correct_fields" time="0.015" /><testcase classname="inventory.tests.test_serializers.TestProductSerializer" name="test_nested_read_only_name_fields[category_name]" time="0.018" /><testcase classname="inventory.tests.test_serializers.TestProductSerializer" name="test_nested_read_only_name_fields[supplier_name]" time="0.016" /><testcase classname="inventory.tests.test_serializers.TestProductSerializer" name="test_category_name_matches_related" time="0.016" /><testcase classname="inventory.tests.test_serializers.TestProductSerializer" name="test_supplier_name_matches_related" time="0.016" /><testcase classname="inventory.tests.test_serializers.TestProductSerializer" name="test_price_validation[100.00-150.00-True]" time="0.017" /><testcase classname="inventory.tests.test_serializers.TestProductSerializer" name="test_price_validation[300.00-300.00-True]" time="0.018" /><testcase classname="inventory.tests.test_serializers.TestProductSerializer" name="test_price_validation[500.00-100.00-False]" time="0.017" /><testcase classname="inventory.tests.test_serializers.TestProductSerializer" name="test_price_validation[999.00-1.00-False]" time="0.020" /><testcase classname="inventory.tests.test_serializers.TestProductSerializer" name="test_required_field_missing[name]" time="0.018" /><testcase classname="inventory.tests.test_serializers.TestProductSerializer" name="test_required_field_missing[sku]" time="0.015" /><testcase classname="inventory.tests.test_serializers.TestProductSerializer" name="test_required_field_missing[category]" time="0.016" /><testcase classname="inventory.tests.test_serializers.TestProductSerializer" name="test_required_field_missing[supplier]" time="0.019" /><testcase classname="inventory.tests.test_serializers.TestProductSerializer" name="test_required_field_missing[cost_price]" time="0.017" /><testcase classname="inventory.tests.test_serializers.TestProductSerializer" name="test_required_field_missing[selling_price]" time="0.017" /><testcase classname="inventory.tests.test_serializers.TestProductSerializer" name="test_create_via_serializer" time="0.021" /><testcase classname="inventory.tests.test_serializers.TestProductSerializer" name="test_update_via_serializer" time="0.028" /><testcase classname="inventory.tests.test_serializers.TestProductSerializer" name="test_decimal_precision_preserved[cost0-selling0]" time="0.017" /><testcase classname="inventory.tests.test_serializers.TestProductSerializer" name="test_decimal_precision_preserved[cost1-selling1]" time="0.016" /><testcase classname="inventory.tests.test_serializers.TestProductSerializer" name="test_decimal_precision_preserved[cost2-selling2]" time="0.017" /><testcase classname="inventory.tests.test_serializers.TestStockMovementSerializer" name="test_serializes_correct_fields" time="0.432" /><testcase classname="inventory.tests.test_serializers.TestStockMovementSerializer" name="test_product_name_matches_related" time="0.504" /><testcase classname="inventory.tests.test_serializers.TestStockMovementSerializer" name="test_username_matches_related" time="0.427" /><testcase classname="inventory.tests.test_serializers.TestStockMovementSerializer" name="test_valid_type_reason_combinations[IN-PURCHASE]" time="0.467" /><testcase classname="inventory.tests.test_serializers.TestStockMovementSerializer" name="test_valid_type_reason_combinations[IN-RETURN]" time="0.464" /><testcase classname="inventory.tests.test_serializers.TestStockMovementSerializer" name="test_valid_type_reason_combinations[IN-MANUAL]" time="0.492" /><testcase classname="inventory.tests.test_serializers.TestStockMovementSerializer" name="test_valid_type_reason_combinations[OUT-SALE]" time="0.496" /><testcase classname="inventory.tests.test_serializers.TestStockMovementSerializer" name="test_valid_type_reason_combinations[OUT-DAMAGED]" time="0.491" /><testcase classname="inventory.tests.test_serializers.TestStockMovementSerializer" name="test_valid_type_reason_combinations[OUT-MANUAL]" time="0.478" /><testcase classname="inventory.tests.test_serializers.TestStockMovementSerializer" name="test_invalid_movement_type_rejected[INVALID]" time="0.443" /><testcase classname="inventory.tests.test_serializers.TestStockMovementSerializer" name="test_invalid_movement_type_rejected[in]" time="0.469" /><testcase classname="inventory.tests.test_serializers.TestStockMovementSerializer" name="test_invalid_movement_type_rejected[out]" time="0.465" /><testcase classname="inventory.tests.test_serializers.TestStockMovementSerializer" name="test_invalid_movement_type_rejected[BOTH]" time="0.457" /><testcase classname="inventory.tests.test_serializers.TestStockMovementSerializer" name="test_invalid_movement_type_rejected[]" time="0.478" /><testcase classname="inventory.tests.test_serializers.TestStockMovementSerializer" name="test_invalid_movement_type_rejected[X]" time="0.449" /><testcase classname="inventory.tests.test_serializers.TestStockMovementSerializer" name="test_invalid_reason_rejected[UNKNOWN]" time="0.464" /><testcase classname="inventory.tests.test_serializers.TestStockMovementSerializer" name="test_invalid_reason_rejected[sale]" time="0.445" /><testcase classname="inventory.tests.test_serializers.TestStockMovementSerializer" name="test_invalid_reason_rejected[buy]" time="0.443" /><testcase classname="inventory.tests.test_serializers.TestStockMovementSerializer" name="test_invalid_reason_rejected[]" time="0.464" /><testcase classname="inventory.tests.test_serializers.TestStockMovementSerializer" name="test_invalid_reason_rejected[THEFT]" time="0.483" /><testcase classname="inventory.tests.test_serializers.TestStockMovementSerializer" name="test_required_field_missing[product]" time="0.463" /><testcase classname="inventory.tests.test_serializers.TestStockMovementSerializer" name="test_required_field_missing[movement_type]" time="0.482" /><testcase classname="inventory.tests.test_serializers.TestStockMovementSerializer" name="test_required_field_missing[reason]" time="0.527" /><testcase classname="inventory.tests.test_serializers.TestStockMovementSerializer" name="test_notes_optional" time="0.457" /><testcase classname="inventory.tests.test_serializers.TestStockMovementSerializer" name="test_various_quantities_accepted[1]" time="0.465" /><testcase classname="inventory.tests.test_serializers.TestStockMovementSerializer" name="test_various_quantities_accepted[10]" time="0.469" /><testcase classname="inventory.tests.test_serializers.TestStockMovementSerializer" name="test_various_quantities_accepted[50]" time="0.470" /><testcase classname="inventory.tests.test_serializers.TestStockMovementSerializer" name="test_various_quantities_accepted[999]" time="0.467" /><testcase classname="inventory.tests.test_views.TestUnauthenticatedAccess" name="test_list_returns_401[supplier-list-SupplierFactory]" time="0.152" /><testcase classname="inventory.tests.test_views.TestUnauthenticatedAccess" name="test_list_returns_401[products-list-ProductFactory]" time="0.016" /><testcase classname="inventory.tests.test_views.TestUnauthenticatedAccess" name="test_list_returns_401[stockmovement-list-StockMovementFactory]" time="0.448" /><testcase classname="inventory.tests.test_views.TestUnauthenticatedAccess" name="test_post_returns_401[supplier-list-SupplierFactory]" time="0.010" /><testcase classname="inventory.tests.test_views.TestUnauthenticatedAccess" name="test_post_returns_401[products-list-ProductFactory]" time="0.008" /><testcase classname="inventory.tests.test_views.TestUnauthenticatedAccess" name="test_post_returns_401[stockmovement-list-StockMovementFactory]" time="0.009" /><testcase classname="inventory.tests.test_views.TestUnauthenticatedAccess" name="test_detail_returns_401[supplier-detail-SupplierFactory]" time="0.011" /><testcase classname="inventory.tests.test_views.TestUnauthenticatedAccess" name="test_detail_returns_401[products-detail-ProductFactory]" time="0.017" /><testcase classname="inventory.tests.test_views.TestUnauthenticatedAccess" name="test_detail_returns_401[stockmovement-detail-StockMovementFactory]" time="0.426" /><testcase classname="inventory.tests.test_views.TestCategoryViewSet" name="test_list_returns_200" time="0.025" /><testcase classname="inventory.tests.test_views.TestCategoryViewSet" name="test_create_returns_201" time="0.013" /><testcase classname="inventory.tests.test_views.TestCategoryViewSet" name="test_retrieve_returns_200" time="0.013" /><testcase classname="inventory.tests.test_views.TestCategoryViewSet" name="test_retrieve_nonexistent_returns_404" time="0.010" /><testcase classname="inventory.tests.test_views.TestCategoryViewSet" name="test_update_methods[put-200]" time="0.014" /><testcase classname="inventory.tests.test_views.TestCategoryViewSet" name="test_update_methods[patch-200]" time="0.015" /><testcase classname="inventory.tests.test_views.TestCategoryViewSet" name="test_delete_returns_204" time="0.015" /><testcase classname="inventory.tests.test_views.TestCategoryViewSet" name="test_pagination_limit[2-2]" time="0.033" /><testcase classname="inventory.tests.test_views.TestCategoryViewSet" name="test_pagination_limit[5-5]" time="0.034" /><testcase classname="inventory.tests.test_views.TestCategoryViewSet" name="test_pagination_limit[1-1]" time="0.039" /><testcase classname="inventory.tests.test_views.TestSupplierViewSet" name="test_list_authenticated_returns_200" time="0.438" /><testcase classname="inventory.tests.test_views.TestSupplierViewSet" name="test_create_supplier" time="0.427" /><testcase classname="inventory.tests.test_views.TestSupplierViewSet" name="test_create_with_invalid_email_returns_400[not-email]" time="0.454" /><testcase classname="inventory.tests.test_views.TestSupplierViewSet" name="test_create_with_invalid_email_returns_400[missing@]" time="0.451" /><testcase classname="inventory.tests.test_views.TestSupplierViewSet" name="test_create_with_invalid_email_returns_400[@nodomain]" time="0.443" /><testcase classname="inventory.tests.test_views.TestSupplierViewSet" name="test_retrieve_supplier" time="0.464" /><testcase classname="inventory.tests.test_views.TestSupplierViewSet" name="test_update_supplier[put]" time="0.453" /><testcase classname="inventory.tests.test_views.TestSupplierViewSet" name="test_update_supplier[patch]" time="0.445" /><testcase classname="inventory.tests.test_views.TestSupplierViewSet" name="test_delete_supplier" time="0.444" /><testcase classname="inventory.tests.test_views.TestSupplierViewSet" name="test_pagination[1]" time="0.477" /><testcase classname="inventory.tests.test_views.TestSupplierViewSet" name="test_pagination[2]" time="0.469" /><testcase classname="inventory.tests.test_views.TestSupplierViewSet" name="test_pagination[5]" time="0.461" /><testcase classname="inventory.tests.test_views.TestProductViewSet" name="test_list_returns_200" time="0.462" /><testcase classname="inventory.tests.test_views.TestProductViewSet" name="test_list_includes_nested_names" time="0.533" /><testcase classname="inventory.tests.test_views.TestProductViewSet" name="test_create_product" time="0.449" /><testcase classname="inventory.tests.test_views.TestProductViewSet" name="test_create_invalid_price_returns_400[999.00-1.00]" time="0.464" /><testcase classname="inventory.tests.test_views.TestProductViewSet" name="test_create_invalid_price_returns_400[500.00-499.99]" time="0.446" /><testcase classname="inventory.tests.test_views.TestProductViewSet" name="test_create_invalid_price_returns_400[100.00-0.01]" time="0.481" /><testcase classname="inventory.tests.test_views.TestProductViewSet" name="test_create_valid_price_returns_201[100.00-150.00]" time="0.465" /><testcase classname="inventory.tests.test_views.TestProductViewSet" name="test_create_valid_price_returns_201[200.00-200.00]" time="0.442" /><testcase classname="inventory.tests.test_views.TestProductViewSet" name="test_retrieve_product" time="0.444" /><testcase classname="inventory.tests.test_views.TestProductViewSet" name="test_partial_update_stock_quantity" time="0.442" /><testcase classname="inventory.tests.test_views.TestProductViewSet" name="test_delete_product" time="0.444" /><testcase classname="inventory.tests.test_views.TestProductViewSet" name="test_duplicate_sku_returns_400" time="0.431" /><testcase classname="inventory.tests.test_views.TestProductViewSet" name="test_filter_by_category" time="0.468" /><testcase classname="inventory.tests.test_views.TestProductViewSet" name="test_ordering[name-name-False]" time="0.469" /><testcase classname="inventory.tests.test_views.TestProductViewSet" name="test_ordering[-name-name-True]" time="0.483" /><testcase classname="inventory.tests.test_views.TestProductViewSet" name="test_ordering[selling_price-selling_price-False]" time="0.475" /><testcase classname="inventory.tests.test_views.TestProductViewSet" name="test_ordering[-selling_price-selling_price-True]" time="0.474" /><testcase classname="inventory.tests.test_views.TestProductViewSet" name="test_ordering[stock_quantity-stock_quantity-False]" time="0.461" /><testcase classname="inventory.tests.test_views.TestProductViewSet" name="test_pagination[1]" time="0.530" /><testcase classname="inventory.tests.test_views.TestProductViewSet" name="test_pagination[3]" time="0.516" /><testcase classname="inventory.tests.test_views.TestProductViewSet" name="test_pagination[5]" time="0.532" /><testcase classname="inventory.tests.test_views.TestProductViewSet" name="test_trait_products_in_list[low_stock-stock_quantity-&lt;lambda&gt;]" time="0.465" /><testcase classname="inventory.tests.test_views.TestProductViewSet" name="test_trait_products_in_list[out_of_stock-stock_quantity-&lt;lambda&gt;]" time="0.543" /><testcase classname="inventory.tests.test_views.TestStockMovementViewSet" name="test_list_returns_200" time="1.356" /><testcase classname="inventory.tests.test_views.TestStockMovementViewSet" name="test_list_includes_product_name_and_username" time="0.894" /><testcase classname="inventory.tests.test_views.TestStockMovementViewSet" name="test_create_valid_movement[IN-PURCHASE]" time="0.896" /><testcase classname="inventory.tests.test_views.TestStockMovementViewSet" name="test_create_valid_movement[IN-RETURN]" time="0.984" /><testcase classname="inventory.tests.test_views.TestStockMovementViewSet" name="test_create_valid_movement[IN-MANUAL]" time="0.906" /><testcase classname="inventory.tests.test_views.TestStockMovementViewSet" name="test_create_valid_movement[OUT-SALE]" time="0.888" /><testcase classname="inventory.tests.test_views.TestStockMovementViewSet" name="test_create_valid_movement[OUT-DAMAGED]" time="0.875" /><testcase classname="inventory.tests.test_views.TestStockMovementViewSet" name="test_create_valid_movement[OUT-MANUAL]" time="0.901" /><testcase classname="inventory.tests.test_views.TestStockMovementViewSet" name="test_invalid_movement_type_returns_400[INVALID]" time="0.917" /><testcase classname="inventory.tests.test_views.TestStockMovementViewSet" name="test_invalid_movement_type_returns_400[in]" time="0.888" /><testcase classname="inventory.tests.test_views.TestStockMovementViewSet" name="test_invalid_movement_type_returns_400[out]" time="0.949" /><testcase classname="inventory.tests.test_views.TestStockMovementViewSet" name="test_invalid_movement_type_returns_400[]" time="0.917" /><testcase classname="inventory.tests.test_views.TestStockMovementViewSet" name="test_invalid_reason_returns_400[UNKNOWN]" time="1.043" /><testcase classname="inventory.tests.test_views.TestStockMovementViewSet" name="test_invalid_reason_returns_400[buy]" time="1.070" /><testcase classname="inventory.tests.test_views.TestStockMovementViewSet" name="test_invalid_reason_returns_400[sell]" time="1.041" /><testcase classname="inventory.tests.test_views.TestStockMovementViewSet" name="test_invalid_reason_returns_400[]" time="1.058" /><testcase classname="inventory.tests.test_views.TestStockMovementViewSet" name="test_retrieve_movement" time="1.055" /><testcase classname="inventory.tests.test_views.TestStockMovementViewSet" name="test_delete_movement" time="1.041" /><testcase classname="inventory.tests.test_views.TestStockMovementViewSet" name="test_filter_by_movement_type[IN]" time="2.183" /><testcase classname="inventory.tests.test_views.TestStockMovementViewSet" name="test_filter_by_movement_type[OUT]" time="2.001" /><testcase classname="inventory.tests.test_views.TestStockMovementViewSet" name="test_pagination[1]" time="5.638" /><testcase classname="inventory.tests.test_views.TestStockMovementViewSet" name="test_pagination[3]" time="6.117" /><testcase classname="inventory.tests.test_views.TestStockMovementViewSet" name="test_pagination[5]" time="5.836" /><testcase classname="inventory.tests.test_views.TestStockMovementViewSet" name="test_create_with_various_quantities[1]" time="1.074" /><testcase classname="inventory.tests.test_views.TestStockMovementViewSet" name="test_create_with_various_quantities[10]" time="1.024" /><testcase classname="inventory.tests.test_views.TestStockMovementViewSet" name="test_create_with_various_quantities[100]" time="1.077" /><testcase classname="sales.tests.test_model.TestCustomerModel" name="test_creation" time="0.017" /><testcase classname="sales.tests.test_model.TestCustomerModel" name="test_uuid_primary_key" time="0.015" /><testcase classname="sales.tests.test_model.TestCustomerModel" name="test_customer_fixture" time="0.013" /><testcase classname="sales.tests.test_model.TestCustomerModel" name="test_timestamps_populated" time="0.013" /><testcase classname="sales.tests.test_model.TestCustomerModel" name="test_batch_ids_are_unique" time="0.023" /><testcase classname="sales.tests.test_model.TestCustomerModel" name="test_field_max_length[address-255]" time="0.008" /><testcase classname="sales.tests.test_model.TestCustomerModel" name="test_field_max_length[email-255]" time="0.006" /><testcase classname="sales.tests.test_model.TestCustomerModel" name="test_field_max_length[phone_number-20]" time="0.008" /><testcase classname="sales.tests.test_model.TestSalesModel" name="test_create_sale" time="0.491" /><testcase classname="sales.tests.test_model.TestSalesModel" name="test_sale_default_status_is_completed" time="0.014" /><testcase classname="sales.tests.test_model.TestSalesModel" name="test_sale_payment_method_choices" time="0.508" /><testcase classname="sales.tests.test_model.TestSalesModel" name="test_sale_payment_status_choices" time="0.497" /><testcase classname="sales.tests.test_model.TestSalesModel" name="test_sale_uuid_pk" time="0.487" /><testcase classname="sales.tests.test_model.TestSalesModel" name="test_sale_unique_invoice_number" time="0.488" /><testcase classname="sales.tests.test_model.TestSalesModel" name="test_sale_ordering_newest_first" time="0.520" /><testcase classname="sales.tests.test_model.TestSalesModel" name="test_sale_cascade_delete_customer" time="0.485" /><testcase classname="sales.tests.test_model.TestSalesModel" name="test_sale_null_user_on_user_delete" time="0.521" /><testcase classname="sales.tests.test_model.TestSalesItemModel" name="test_create_sales_item" time="0.567" /><testcase classname="sales.tests.test_model.TestSalesItemModel" name="test_sales_item_uuid_pk" time="0.528" /><testcase classname="sales.tests.test_model.TestSalesItemModel" name="test_sales_item_cascade_on_sale_delete" time="0.540" /><testcase classname="sales.tests.test_model.TestSalesItemModel" name="test_sales_item_default_discount" time="0.515" /><testcase classname="sales.tests.test_serializers.TestCustomerSerializer" name="test_serializers_correct_fields" time="0.014" /><testcase classname="sales.tests.test_serializers.TestCustomerSerializer" name="test_id_matches_instance" time="0.015" /><testcase classname="sales.tests.test_serializers.TestCustomerSerializer" name="test_field_present_in_output[id]" time="0.014" /><testcase classname="sales.tests.test_serializers.TestCustomerSerializer" name="test_field_present_in_output[name]" time="0.014" /><testcase classname="sales.tests.test_serializers.TestCustomerSerializer" name="test_field_present_in_output[email]" time="0.013" /><testcase classname="sales.tests.test_serializers.TestCustomerSerializer" name="test_field_present_in_output[phone_number]" time="0.014" /><testcase classname="sales.tests.test_serializers.TestCustomerSerializer" name="test_field_present_in_output[address]" time="0.015" /><testcase classname="sales.tests.test_serializers.TestCustomerSerializer" name="test_field_present_in_output[created_at]" time="0.013" /><testcase classname="sales.tests.test_serializers.TestCustomerSerializer" name="test_field_present_in_output[updated_at]" time="0.012" /><testcase classname="sales.tests.test_serializers.TestCustomerSerializer" name="test_read_only_fields_not_writable" time="0.011" /><testcase classname="sales.tests.test_serializers.TestCustomerSerializer" name="test_valid_data_saves_customer" time="0.009" /><testcase classname="sales.tests.test_serializers.TestCustomerSerializer" name="test_missing_required_field_is_invalid" time="0.009" /><testcase classname="sales.tests.test_serializers.TestCustomerSerializer" name="test_invalid_email_is_rejected" time="0.008" /><testcase classname="sales.tests.test_serializers.TestCustomerSerializer" name="test_partial_update" time="0.012" /><testcase classname="sales.tests.test_serializers.TestCustomerSerializer" name="test_id_is_uuid_string_in_output" time="0.011" /><testcase classname="sales.tests.test_serializers.TestSalesItemSerializer" name="test_serialize_item" time="0.589" /><testcase classname="sales.tests.test_serializers.TestSalesItemSerializer" name="test_product_name_is_read_only" time="0.504" /><testcase classname="sales.tests.test_serializers.TestSalesSerializerCreate" name="test_create_pending_sale_does_not_deduct_stock" time="0.516" /><testcase classname="sales.tests.test_serializers.TestSalesSerializerCreate" name="test_create_completed_sale_deducts_stock" time="0.523" /><testcase classname="sales.tests.test_serializers.TestSalesSerializerCreate" name="test_create_sale_calculates_subtotal_and_total" time="0.544" /><testcase classname="sales.tests.test_serializers.TestSalesSerializerCreate" name="test_create_sale_generates_invoice_number" time="0.531" /><testcase classname="sales.tests.test_serializers.TestSalesSerializerCreate" name="test_create_sale_insufficient_stock_raises" time="0.514" /><testcase classname="sales.tests.test_serializers.TestSalesSerializerCreate" name="test_create_sale_creates_stock_movement_when_completed" time="0.520" /><testcase classname="sales.tests.test_serializers.TestSalesSerializerUpdate" name="test_update_pending_to_completed_deducts_stock" time="0.538" /><testcase classname="sales.tests.test_serializers.TestSalesSerializerUpdate" name="test_update_completed_to_refunded_restores_stock" time="0.524" /><testcase classname="sales.tests.test_serializers.TestSalesSerializerUpdate" name="test_update_refunded_sale_raises" time="0.485" /><testcase classname="sales.tests.test_serializers.TestSalesSerializerUpdate" name="test_update_completed_sale_non_refund_change_raises" time="0.474" /><testcase classname="sales.tests.test_serializers.TestSalesSerializerUpdate" name="test_update_pending_sale_items" time="0.511" /><testcase classname="sales.tests.test_serializers.TestSalesSerializerUpdate" name="test_update_discount_exceeding_subtotal_raises" time="0.501" /><testcase classname="sales.tests.test_views.TestUnauthenticatedAccess" name="test_list_returns_401[customer-list-CustomerFactory]" time="0.021" /><testcase classname="sales.tests.test_views.TestUnauthenticatedAccess" name="test_detail_returns_401[customer-detail-CustomerFactory]" time="0.021" /><testcase classname="sales.tests.test_views.TestCustomerViewset" name="test_list_returns_200" time="0.507" /><testcase classname="sales.tests.test_views.TestCustomerViewset" name="test_list_returns_all_customers" time="0.494" /><testcase classname="sales.tests.test_views.TestCustomerViewset" name="test_list_response_has_expected_fields" time="0.478" /><testcase classname="sales.tests.test_views.TestCustomerViewset" name="test_pagination_limit" time="0.583" /><testcase classname="sales.tests.test_views.TestCustomerViewset" name="test_pagination_offset" time="0.541" /><testcase classname="sales.tests.test_views.TestCustomerViewset" name="test_filter_by_name" time="0.538" /><testcase classname="sales.tests.test_views.TestCustomerViewset" name="test_filter_by_email" time="0.566" /><testcase classname="sales.tests.test_views.TestCustomerViewset" name="test_filter_by_phone_number" time="0.510" /><testcase classname="sales.tests.test_views.TestCustomerViewset" name="test_filter_by_address" time="0.507" /><testcase classname="sales.tests.test_views.TestCustomerViewset" name="test_detail_returns_200" time="0.492" /><testcase classname="sales.tests.test_views.TestCustomerViewset" name="test_detail_returns_correct_customer" time="0.565" /><testcase classname="sales.tests.test_views.TestCustomerViewset" name="test_detail_unknown_id_returns_404" time="0.505" /><testcase classname="sales.tests.test_views.TestCustomerViewset" name="test_create_returns_201" time="0.525" /><testcase classname="sales.tests.test_views.TestCustomerViewset" name="test_create_persists_to_db" time="0.527" /><testcase classname="sales.tests.test_views.TestCustomerViewset" name="test_create_missing_name_returns_400" time="0.484" /><testcase classname="sales.tests.test_views.TestCustomerViewset" name="test_partial_update_returns_200" time="0.496" /><testcase classname="sales.tests.test_views.TestCustomerViewset" name="test_full_update_returns_200" time="0.543" /><testcase classname="sales.tests.test_views.TestCustomerViewset" name="test_delete_returns_204" time="0.514" /><testcase classname="sales.tests.test_views.TestCustomerViewset" name="test_delete_removes_from_db" time="0.519" /><testcase classname="sales.tests.test_views.TestSalesListView" name="test_list_requires_auth" time="0.011" /><testcase classname="sales.tests.test_views.TestSalesListView" name="test_list_returns_sales" time="0.515" /><testcase classname="sales.tests.test_views.TestSalesListView" name="test_filter_by_payment_status" time="0.512" /><testcase classname="sales.tests.test_views.TestSalesListView" name="test_filter_by_payment_method" time="0.522" /><testcase classname="sales.tests.test_views.TestSalesListView" name="test_filter_by_customer" time="0.533" /><testcase classname="sales.tests.test_views.TestSalesListView" name="test_ordering_by_created_at" time="0.537" /><testcase classname="sales.tests.test_views.TestSalesListView" name="test_filter_min_total" time="0.506" /><testcase classname="sales.tests.test_views.TestSalesCreateView" name="test_create_pending_sale" time="0.584" /><testcase classname="sales.tests.test_views.TestSalesCreateView" name="test_create_assigns_authenticated_user" time="0.537" /><testcase classname="sales.tests.test_views.TestSalesCreateView" name="test_create_completed_sale_deducts_stock" time="0.544" /><testcase classname="sales.tests.test_views.TestSalesCreateView" name="test_create_sale_insufficient_stock" time="0.516" /><testcase classname="sales.tests.test_views.TestSalesCreateView" name="test_create_sale_unauthenticated" time="0.028" /><testcase classname="sales.tests.test_views.TestSalesCreateView" name="test_create_sale_no_items" time="0.520" /><testcase classname="sales.tests.test_views.TestSalesUpdateView" name="test_update_pending_to_completed" time="0.564" /><testcase classname="sales.tests.test_views.TestSalesUpdateView" name="test_update_completed_to_refunded" time="0.549" /><testcase classname="sales.tests.test_views.TestSalesUpdateView" name="test_update_completed_sale_notes_rejected" time="0.529" /><testcase classname="sales.tests.test_views.TestSalesUpdateView" name="test_update_refunded_sale_rejected" time="0.544" /><testcase classname="sales.tests.test_views.TestSalesUpdateView" name="test_update_pending_sale_notes" time="0.523" /><testcase classname="sales.tests.test_views.TestSalesDetailView" name="test_retrieve_sale" time="0.486" /><testcase classname="sales.tests.test_views.TestSalesDetailView" name="test_retrieve_nonexistent_sale" time="0.515" /><testcase classname="sales.tests.test_views.TestSalesDetailView" name="test_delete_sale" time="0.539" /><testcase classname="sales.tests.test_views.TestDownloadInvoiceView" name="test_download_invoice_success" time="0.535" /><testcase classname="sales.tests.test_views.TestDownloadInvoiceView" name="test_download_invoice_requires_auth" time="0.504" /><testcase classname="sales.tests.test_views.TestDownloadInvoiceView" name="test_download_invoice_nonexistent_sale" time="0.474" /><testcase classname="sales.tests.test_views.TestSalesItemView" name="test_list_requires_auth" time="0.011" /><testcase classname="sales.tests.test_views.TestSalesItemView" name="test_list_sales_items" time="0.581" /><testcase classname="sales.tests.test_views.TestSalesItemView" name="test_filter_by_sale" time="0.513" /><testcase classname="sales.tests.test_views.TestSalesItemView" name="test_filter_by_product" time="0.694" /></testsuite></testsuites>